Component: ARM Compiler 5.06 update 6 (build 750) Tool: armlink [4d35ed]

==============================================================================

Section Cross References

    main.o(i.SystemClock_Config) refers to stm32f1xx_ll_utils.o(i.LL_Init1msTick) for LL_Init1msTick
    main.o(i.SystemClock_Config) refers to stm32f1xx_ll_utils.o(i.LL_SetSystemCoreClock) for LL_SetSystemCoreClock
    main.o(i.main) refers to main.o(i.SystemClock_Config) for SystemClock_Config
    main.o(i.main) refers to servomoteur.o(i.init_servom) for init_servom
    main.o(i.main) refers to accelero.o(i.init_accelero) for init_accelero
    main.o(i.main) refers to batterie.o(i.init_surv_batterie) for init_surv_batterie
    main.o(i.main) refers to telecommande.o(i.config_gpio_telecommande) for config_gpio_telecommande
    main.o(i.main) refers to moteur.o(i.config_gpio_moteur) for config_gpio_moteur
    main.o(i.main) refers to emetteur.o(i.config_uart) for config_uart
    main.o(i.main) refers to telecommande.o(i.init_timer_pwm_input) for init_timer_pwm_input
    main.o(i.main) refers to mytimer.o(i.MyTimer_Conf_PWM) for MyTimer_Conf_PWM
    main.o(i.main) refers to emetteur.o(i.send_msg) for send_msg
    main.o(i.main) refers to telecommande.o(i.get_period_telecommande) for get_period_telecommande
    main.o(i.main) refers to telecommande.o(i.get_angle_telecommande) for get_angle_telecommande
    main.o(i.main) refers to telecommande.o(i.get_vitesse_telecommande) for get_vitesse_telecommande
    main.o(i.main) refers to telecommande.o(i.get_sens_telecommande) for get_sens_telecommande
    main.o(i.main) refers to ffixi.o(.text) for __aeabi_f2iz
    main.o(i.main) refers to moteur.o(i.set_vitesse_moteur) for set_vitesse_moteur
    main.o(i.main) refers to moteur.o(i.set_sens_moteur) for set_sens_moteur
    main.o(i.main) refers to accelero.o(i.angleSafe) for angleSafe
    main.o(i.main) refers to girouette.o(i.angle_girouette) for angle_girouette
    main.o(i.main) refers to servomoteur.o(i.bordageVoiles) for bordageVoiles
    main.o(i.main) refers to batterie.o(i.batterie_OK) for batterie_OK
    main.o(i.main) refers to main.o(.data) for periode
    chrono.o(i.Chrono_Conf) refers to mytimer.o(i.MyTimer_IT_Conf) for MyTimer_IT_Conf
    chrono.o(i.Chrono_Conf) refers to mytimer.o(i.MyTimer_IT_Enable) for MyTimer_IT_Enable
    chrono.o(i.Chrono_Conf) refers to chrono.o(.data) for Chrono_Time
    chrono.o(i.Chrono_Conf) refers to chrono.o(i.Chrono_Task_10ms) for Chrono_Task_10ms
    chrono.o(i.Chrono_Read) refers to chrono.o(.data) for Chrono_Time
    chrono.o(i.Chrono_Reset) refers to mytimer.o(i.MyTimer_Stop) for MyTimer_Stop
    chrono.o(i.Chrono_Reset) refers to chrono.o(.data) for Chrono_Timer
    chrono.o(i.Chrono_Start) refers to mytimer.o(i.MyTimer_Start) for MyTimer_Start
    chrono.o(i.Chrono_Start) refers to chrono.o(.data) for Chrono_Timer
    chrono.o(i.Chrono_Stop) refers to mytimer.o(i.MyTimer_Stop) for MyTimer_Stop
    chrono.o(i.Chrono_Stop) refers to chrono.o(.data) for Chrono_Timer
    chrono.o(i.Chrono_Task_10ms) refers to chrono.o(.data) for Chrono_Time
    telecommande.o(i.get_angle_telecommande) refers to dflti.o(.text) for __aeabi_i2d
    telecommande.o(i.get_angle_telecommande) refers to dmul.o(.text) for __aeabi_dmul
    telecommande.o(i.get_angle_telecommande) refers to dadd.o(.text) for __aeabi_dsub
    telecommande.o(i.get_angle_telecommande) refers to dfixi.o(.text) for __aeabi_d2iz
    telecommande.o(i.get_vitesse_telecommande) refers to dflti.o(.text) for __aeabi_i2d
    telecommande.o(i.get_vitesse_telecommande) refers to dmul.o(.text) for __aeabi_dmul
    telecommande.o(i.get_vitesse_telecommande) refers to d2f.o(.text) for __aeabi_d2f
    moteur.o(i.config_gpio_moteur) refers to moteur.o(i.LL_GPIO_SetPinMode) for LL_GPIO_SetPinMode
    moteur.o(i.config_gpio_moteur) refers to moteur.o(i.LL_GPIO_SetPinOutputType) for LL_GPIO_SetPinOutputType
    moteur.o(i.set_vitesse_moteur) refers to fflti.o(.text) for __aeabi_i2f
    moteur.o(i.set_vitesse_moteur) refers to f2d.o(.text) for __aeabi_f2d
    moteur.o(i.set_vitesse_moteur) refers to ddiv.o(.text) for __aeabi_ddiv
    moteur.o(i.set_vitesse_moteur) refers to d2f.o(.text) for __aeabi_d2f
    moteur.o(i.set_vitesse_moteur) refers to dmul.o(.text) for __aeabi_dmul
    moteur.o(i.set_vitesse_moteur) refers to dfixi.o(.text) for __aeabi_d2iz
    emetteur.o(i.config_uart) refers to stm32f1xx_ll_gpio.o(i.LL_GPIO_Init) for LL_GPIO_Init
    emetteur.o(i.config_uart) refers to stm32f1xx_ll_usart.o(i.LL_USART_StructInit) for LL_USART_StructInit
    emetteur.o(i.config_uart) refers to emetteur.o(i.LL_USART_SetBaudRate) for LL_USART_SetBaudRate
    emetteur.o(i.config_uart) refers to stm32f1xx_ll_usart.o(i.LL_USART_Init) for LL_USART_Init
    emetteur.o(i.send_msg) refers to emetteur.o(i.send_char) for send_char
    emetteur.o(i.send_msg) refers to strlen.o(.text) for strlen
    accelero.o(i.init_accelero) refers to accelero.o(i.LL_GPIO_SetPinMode) for LL_GPIO_SetPinMode
    accelero.o(i.init_accelero) refers to stm32f1xx_ll_adc.o(i.LL_ADC_Init) for LL_ADC_Init
    girouette.o(i.init_girouette) refers to mytimer.o(i.MyTimer_Conf_encoder) for MyTimer_Conf_encoder
    girouette.o(i.init_girouette) refers to girouette.o(i.LL_GPIO_SetPinMode) for LL_GPIO_SetPinMode
    servomoteur.o(i.bordageVoiles) refers to fflti.o(.text) for __aeabi_i2f
    servomoteur.o(i.bordageVoiles) refers to f2d.o(.text) for __aeabi_f2d
    servomoteur.o(i.bordageVoiles) refers to dmul.o(.text) for __aeabi_dmul
    servomoteur.o(i.bordageVoiles) refers to ddiv.o(.text) for __aeabi_ddiv
    servomoteur.o(i.bordageVoiles) refers to dadd.o(.text) for __aeabi_dadd
    servomoteur.o(i.bordageVoiles) refers to dfixi.o(.text) for __aeabi_d2iz
    servomoteur.o(i.init_servom) refers to mytimer.o(i.MyTimer_Conf_PWM) for MyTimer_Conf_PWM
    mytimer.o(i.MyTimer_Conf_PWM) refers to mytimer.o(i.LL_APB2_GRP1_EnableClock) for LL_APB2_GRP1_EnableClock
    mytimer.o(i.MyTimer_Conf_PWM) refers to mytimer.o(i.LL_APB1_GRP1_EnableClock) for LL_APB1_GRP1_EnableClock
    mytimer.o(i.MyTimer_Conf_PWM) refers to stm32f1xx_ll_tim.o(i.LL_TIM_OC_Init) for LL_TIM_OC_Init
    mytimer.o(i.MyTimer_Conf_PWM) refers to mytimer.o(i.LL_TIM_SetAutoReload) for LL_TIM_SetAutoReload
    mytimer.o(i.MyTimer_Conf_PWM) refers to mytimer.o(i.LL_TIM_EnableCounter) for LL_TIM_EnableCounter
    mytimer.o(i.MyTimer_Conf_encoder) refers to mytimer.o(i.LL_APB2_GRP1_EnableClock) for LL_APB2_GRP1_EnableClock
    mytimer.o(i.MyTimer_Conf_encoder) refers to mytimer.o(i.LL_APB1_GRP1_EnableClock) for LL_APB1_GRP1_EnableClock
    mytimer.o(i.MyTimer_Conf_encoder) refers to stm32f1xx_ll_tim.o(i.LL_TIM_ENCODER_Init) for LL_TIM_ENCODER_Init
    mytimer.o(i.MyTimer_Conf_encoder) refers to mytimer.o(i.LL_TIM_SetAutoReload) for LL_TIM_SetAutoReload
    mytimer.o(i.MyTimer_IT_Conf) refers to mytimer.o(i.LL_TIM_DisableIT_UPDATE) for LL_TIM_DisableIT_UPDATE
    mytimer.o(i.MyTimer_IT_Conf) refers to mytimer.o(.data) for Ptr_ItFct_TIM1
    mytimer.o(i.MyTimer_IT_Disable) refers to mytimer.o(i.LL_TIM_DisableIT_UPDATE) for LL_TIM_DisableIT_UPDATE
    mytimer.o(i.MyTimer_Start) refers to mytimer.o(i.LL_TIM_EnableCounter) for LL_TIM_EnableCounter
    mytimer.o(i.TIM1_UP_IRQHandler) refers to mytimer.o(i.LL_TIM_ClearFlag_UPDATE) for LL_TIM_ClearFlag_UPDATE
    mytimer.o(i.TIM1_UP_IRQHandler) refers to mytimer.o(.data) for Ptr_ItFct_TIM1
    mytimer.o(i.TIM2_IRQHandler) refers to mytimer.o(i.LL_TIM_ClearFlag_UPDATE) for LL_TIM_ClearFlag_UPDATE
    mytimer.o(i.TIM2_IRQHandler) refers to mytimer.o(.data) for Ptr_ItFct_TIM2
    mytimer.o(i.TIM3_IRQHandler) refers to mytimer.o(i.LL_TIM_ClearFlag_UPDATE) for LL_TIM_ClearFlag_UPDATE
    mytimer.o(i.TIM3_IRQHandler) refers to mytimer.o(.data) for Ptr_ItFct_TIM3
    mytimer.o(i.TIM4_IRQHandler) refers to mytimer.o(i.LL_TIM_ClearFlag_UPDATE) for LL_TIM_ClearFlag_UPDATE
    mytimer.o(i.TIM4_IRQHandler) refers to mytimer.o(.data) for Ptr_ItFct_TIM4
    stm32f1xx_ll_rcc.o(i.LL_RCC_DeInit) refers to stm32f1xx_ll_rcc.o(i.LL_RCC_PLL_IsReady) for LL_RCC_PLL_IsReady
    stm32f1xx_ll_rcc.o(i.LL_RCC_GetADCClockFreq) refers to main.o(i.assert_failed) for assert_failed
    stm32f1xx_ll_rcc.o(i.LL_RCC_GetADCClockFreq) refers to stm32f1xx_ll_rcc.o(i.RCC_GetSystemClockFreq) for RCC_GetSystemClockFreq
    stm32f1xx_ll_rcc.o(i.LL_RCC_GetADCClockFreq) refers to stm32f1xx_ll_rcc.o(i.RCC_GetHCLKClockFreq) for RCC_GetHCLKClockFreq
    stm32f1xx_ll_rcc.o(i.LL_RCC_GetADCClockFreq) refers to stm32f1xx_ll_rcc.o(i.RCC_GetPCLK2ClockFreq) for RCC_GetPCLK2ClockFreq
    stm32f1xx_ll_rcc.o(i.LL_RCC_GetSystemClocksFreq) refers to stm32f1xx_ll_rcc.o(i.RCC_GetSystemClockFreq) for RCC_GetSystemClockFreq
    stm32f1xx_ll_rcc.o(i.LL_RCC_GetSystemClocksFreq) refers to stm32f1xx_ll_rcc.o(i.RCC_GetHCLKClockFreq) for RCC_GetHCLKClockFreq
    stm32f1xx_ll_rcc.o(i.LL_RCC_GetSystemClocksFreq) refers to stm32f1xx_ll_rcc.o(i.RCC_GetPCLK1ClockFreq) for RCC_GetPCLK1ClockFreq
    stm32f1xx_ll_rcc.o(i.LL_RCC_GetSystemClocksFreq) refers to stm32f1xx_ll_rcc.o(i.RCC_GetPCLK2ClockFreq) for RCC_GetPCLK2ClockFreq
    stm32f1xx_ll_rcc.o(i.LL_RCC_GetUSBClockFreq) refers to main.o(i.assert_failed) for assert_failed
    stm32f1xx_ll_rcc.o(i.LL_RCC_GetUSBClockFreq) refers to stm32f1xx_ll_rcc.o(i.LL_RCC_PLL_IsReady) for LL_RCC_PLL_IsReady
    stm32f1xx_ll_rcc.o(i.LL_RCC_GetUSBClockFreq) refers to stm32f1xx_ll_rcc.o(i.RCC_PLL_GetFreqDomain_SYS) for RCC_PLL_GetFreqDomain_SYS
    stm32f1xx_ll_rcc.o(i.RCC_GetHCLKClockFreq) refers to system_stm32f1xx.o(.constdata) for AHBPrescTable
    stm32f1xx_ll_rcc.o(i.RCC_GetPCLK1ClockFreq) refers to system_stm32f1xx.o(.constdata) for APBPrescTable
    stm32f1xx_ll_rcc.o(i.RCC_GetPCLK2ClockFreq) refers to system_stm32f1xx.o(.constdata) for APBPrescTable
    stm32f1xx_ll_rcc.o(i.RCC_GetSystemClockFreq) refers to stm32f1xx_ll_rcc.o(i.RCC_PLL_GetFreqDomain_SYS) for RCC_PLL_GetFreqDomain_SYS
    stm32f1xx_ll_utils.o(i.LL_PLL_ConfigSystemClock_HSE) refers to main.o(i.assert_failed) for assert_failed
    stm32f1xx_ll_utils.o(i.LL_PLL_ConfigSystemClock_HSE) refers to stm32f1xx_ll_utils.o(i.UTILS_PLL_IsBusy) for UTILS_PLL_IsBusy
    stm32f1xx_ll_utils.o(i.LL_PLL_ConfigSystemClock_HSE) refers to stm32f1xx_ll_utils.o(i.UTILS_GetPLLOutputFrequency) for UTILS_GetPLLOutputFrequency
    stm32f1xx_ll_utils.o(i.LL_PLL_ConfigSystemClock_HSE) refers to stm32f1xx_ll_utils.o(i.LL_RCC_HSE_IsReady) for LL_RCC_HSE_IsReady
    stm32f1xx_ll_utils.o(i.LL_PLL_ConfigSystemClock_HSE) refers to stm32f1xx_ll_utils.o(i.LL_RCC_PLL_ConfigDomain_SYS) for LL_RCC_PLL_ConfigDomain_SYS
    stm32f1xx_ll_utils.o(i.LL_PLL_ConfigSystemClock_HSE) refers to stm32f1xx_ll_utils.o(i.UTILS_EnablePLLAndSwitchSystem) for UTILS_EnablePLLAndSwitchSystem
    stm32f1xx_ll_utils.o(i.LL_PLL_ConfigSystemClock_HSI) refers to stm32f1xx_ll_utils.o(i.UTILS_PLL_IsBusy) for UTILS_PLL_IsBusy
    stm32f1xx_ll_utils.o(i.LL_PLL_ConfigSystemClock_HSI) refers to stm32f1xx_ll_utils.o(i.UTILS_GetPLLOutputFrequency) for UTILS_GetPLLOutputFrequency
    stm32f1xx_ll_utils.o(i.LL_PLL_ConfigSystemClock_HSI) refers to stm32f1xx_ll_utils.o(i.LL_RCC_HSI_IsReady) for LL_RCC_HSI_IsReady
    stm32f1xx_ll_utils.o(i.LL_PLL_ConfigSystemClock_HSI) refers to stm32f1xx_ll_utils.o(i.LL_RCC_PLL_ConfigDomain_SYS) for LL_RCC_PLL_ConfigDomain_SYS
    stm32f1xx_ll_utils.o(i.LL_PLL_ConfigSystemClock_HSI) refers to stm32f1xx_ll_utils.o(i.UTILS_EnablePLLAndSwitchSystem) for UTILS_EnablePLLAndSwitchSystem
    stm32f1xx_ll_utils.o(i.LL_SetSystemCoreClock) refers to system_stm32f1xx.o(.data) for SystemCoreClock
    stm32f1xx_ll_utils.o(i.UTILS_EnablePLLAndSwitchSystem) refers to main.o(i.assert_failed) for assert_failed
    stm32f1xx_ll_utils.o(i.UTILS_EnablePLLAndSwitchSystem) refers to stm32f1xx_ll_utils.o(i.UTILS_SetFlashLatency) for UTILS_SetFlashLatency
    stm32f1xx_ll_utils.o(i.UTILS_EnablePLLAndSwitchSystem) refers to stm32f1xx_ll_utils.o(i.LL_RCC_PLL_IsReady) for LL_RCC_PLL_IsReady
    stm32f1xx_ll_utils.o(i.UTILS_EnablePLLAndSwitchSystem) refers to stm32f1xx_ll_utils.o(i.LL_SetSystemCoreClock) for LL_SetSystemCoreClock
    stm32f1xx_ll_utils.o(i.UTILS_EnablePLLAndSwitchSystem) refers to system_stm32f1xx.o(.constdata) for AHBPrescTable
    stm32f1xx_ll_utils.o(i.UTILS_EnablePLLAndSwitchSystem) refers to system_stm32f1xx.o(.data) for SystemCoreClock
    stm32f1xx_ll_utils.o(i.UTILS_GetPLLOutputFrequency) refers to main.o(i.assert_failed) for assert_failed
    stm32f1xx_ll_utils.o(i.UTILS_PLL_IsBusy) refers to stm32f1xx_ll_utils.o(i.LL_RCC_PLL_IsReady) for LL_RCC_PLL_IsReady
    stm32f1xx_ll_tim.o(i.IC1Config) refers to main.o(i.assert_failed) for assert_failed
    stm32f1xx_ll_tim.o(i.IC2Config) refers to main.o(i.assert_failed) for assert_failed
    stm32f1xx_ll_tim.o(i.IC3Config) refers to main.o(i.assert_failed) for assert_failed
    stm32f1xx_ll_tim.o(i.IC4Config) refers to main.o(i.assert_failed) for assert_failed
    stm32f1xx_ll_tim.o(i.LL_TIM_BDTR_Init) refers to main.o(i.assert_failed) for assert_failed
    stm32f1xx_ll_tim.o(i.LL_TIM_DeInit) refers to main.o(i.assert_failed) for assert_failed
    stm32f1xx_ll_tim.o(i.LL_TIM_DeInit) refers to stm32f1xx_ll_tim.o(i.LL_APB1_GRP1_ForceReset) for LL_APB1_GRP1_ForceReset
    stm32f1xx_ll_tim.o(i.LL_TIM_DeInit) refers to stm32f1xx_ll_tim.o(i.LL_APB1_GRP1_ReleaseReset) for LL_APB1_GRP1_ReleaseReset
    stm32f1xx_ll_tim.o(i.LL_TIM_ENCODER_Init) refers to main.o(i.assert_failed) for assert_failed
    stm32f1xx_ll_tim.o(i.LL_TIM_HALLSENSOR_Init) refers to main.o(i.assert_failed) for assert_failed
    stm32f1xx_ll_tim.o(i.LL_TIM_HALLSENSOR_Init) refers to stm32f1xx_ll_tim.o(i.LL_TIM_OC_SetCompareCH2) for LL_TIM_OC_SetCompareCH2
    stm32f1xx_ll_tim.o(i.LL_TIM_IC_Init) refers to stm32f1xx_ll_tim.o(i.IC1Config) for IC1Config
    stm32f1xx_ll_tim.o(i.LL_TIM_IC_Init) refers to stm32f1xx_ll_tim.o(i.IC2Config) for IC2Config
    stm32f1xx_ll_tim.o(i.LL_TIM_IC_Init) refers to stm32f1xx_ll_tim.o(i.IC3Config) for IC3Config
    stm32f1xx_ll_tim.o(i.LL_TIM_IC_Init) refers to stm32f1xx_ll_tim.o(i.IC4Config) for IC4Config
    stm32f1xx_ll_tim.o(i.LL_TIM_Init) refers to main.o(i.assert_failed) for assert_failed
    stm32f1xx_ll_tim.o(i.LL_TIM_OC_Init) refers to stm32f1xx_ll_tim.o(i.OC1Config) for OC1Config
    stm32f1xx_ll_tim.o(i.LL_TIM_OC_Init) refers to stm32f1xx_ll_tim.o(i.OC2Config) for OC2Config
    stm32f1xx_ll_tim.o(i.LL_TIM_OC_Init) refers to stm32f1xx_ll_tim.o(i.OC3Config) for OC3Config
    stm32f1xx_ll_tim.o(i.LL_TIM_OC_Init) refers to stm32f1xx_ll_tim.o(i.OC4Config) for OC4Config
    stm32f1xx_ll_tim.o(i.OC1Config) refers to main.o(i.assert_failed) for assert_failed
    stm32f1xx_ll_tim.o(i.OC2Config) refers to main.o(i.assert_failed) for assert_failed
    stm32f1xx_ll_tim.o(i.OC2Config) refers to stm32f1xx_ll_tim.o(i.LL_TIM_OC_SetCompareCH2) for LL_TIM_OC_SetCompareCH2
    stm32f1xx_ll_tim.o(i.OC3Config) refers to main.o(i.assert_failed) for assert_failed
    stm32f1xx_ll_tim.o(i.OC4Config) refers to main.o(i.assert_failed) for assert_failed
    stm32f1xx_ll_gpio.o(i.LL_GPIO_DeInit) refers to main.o(i.assert_failed) for assert_failed
    stm32f1xx_ll_gpio.o(i.LL_GPIO_DeInit) refers to stm32f1xx_ll_gpio.o(i.LL_APB2_GRP1_ForceReset) for LL_APB2_GRP1_ForceReset
    stm32f1xx_ll_gpio.o(i.LL_GPIO_DeInit) refers to stm32f1xx_ll_gpio.o(i.LL_APB2_GRP1_ReleaseReset) for LL_APB2_GRP1_ReleaseReset
    stm32f1xx_ll_gpio.o(i.LL_GPIO_Init) refers to main.o(i.assert_failed) for assert_failed
    stm32f1xx_ll_usart.o(i.LL_USART_ClockInit) refers to main.o(i.assert_failed) for assert_failed
    stm32f1xx_ll_usart.o(i.LL_USART_ClockInit) refers to stm32f1xx_ll_usart.o(i.LL_USART_IsEnabled) for LL_USART_IsEnabled
    stm32f1xx_ll_usart.o(i.LL_USART_DeInit) refers to main.o(i.assert_failed) for assert_failed
    stm32f1xx_ll_usart.o(i.LL_USART_DeInit) refers to stm32f1xx_ll_usart.o(i.LL_APB1_GRP1_ForceReset) for LL_APB1_GRP1_ForceReset
    stm32f1xx_ll_usart.o(i.LL_USART_DeInit) refers to stm32f1xx_ll_usart.o(i.LL_APB1_GRP1_ReleaseReset) for LL_APB1_GRP1_ReleaseReset
    stm32f1xx_ll_usart.o(i.LL_USART_Init) refers to main.o(i.assert_failed) for assert_failed
    stm32f1xx_ll_usart.o(i.LL_USART_Init) refers to stm32f1xx_ll_usart.o(i.LL_USART_IsEnabled) for LL_USART_IsEnabled
    stm32f1xx_ll_usart.o(i.LL_USART_Init) refers to stm32f1xx_ll_rcc.o(i.LL_RCC_GetSystemClocksFreq) for LL_RCC_GetSystemClocksFreq
    stm32f1xx_ll_usart.o(i.LL_USART_Init) refers to stm32f1xx_ll_usart.o(i.LL_USART_SetBaudRate) for LL_USART_SetBaudRate
    stm32f1xx_ll_adc.o(i.LL_ADC_CommonDeInit) refers to main.o(i.assert_failed) for assert_failed
    stm32f1xx_ll_adc.o(i.LL_ADC_CommonInit) refers to main.o(i.assert_failed) for assert_failed
    stm32f1xx_ll_adc.o(i.LL_ADC_CommonInit) refers to stm32f1xx_ll_adc.o(i.LL_ADC_IsEnabled) for LL_ADC_IsEnabled
    stm32f1xx_ll_adc.o(i.LL_ADC_DeInit) refers to main.o(i.assert_failed) for assert_failed
    stm32f1xx_ll_adc.o(i.LL_ADC_DeInit) refers to stm32f1xx_ll_adc.o(i.LL_ADC_IsEnabled) for LL_ADC_IsEnabled
    stm32f1xx_ll_adc.o(i.LL_ADC_INJ_Init) refers to main.o(i.assert_failed) for assert_failed
    stm32f1xx_ll_adc.o(i.LL_ADC_INJ_Init) refers to stm32f1xx_ll_adc.o(i.LL_ADC_IsEnabled) for LL_ADC_IsEnabled
    stm32f1xx_ll_adc.o(i.LL_ADC_Init) refers to main.o(i.assert_failed) for assert_failed
    stm32f1xx_ll_adc.o(i.LL_ADC_Init) refers to stm32f1xx_ll_adc.o(i.LL_ADC_IsEnabled) for LL_ADC_IsEnabled
    stm32f1xx_ll_adc.o(i.LL_ADC_REG_Init) refers to main.o(i.assert_failed) for assert_failed
    stm32f1xx_ll_adc.o(i.LL_ADC_REG_Init) refers to stm32f1xx_ll_adc.o(i.LL_ADC_IsEnabled) for LL_ADC_IsEnabled
    system_stm32f1xx.o(i.SystemCoreClockUpdate) refers to system_stm32f1xx.o(.data) for SystemCoreClock
    system_stm32f1xx.o(i.SystemCoreClockUpdate) refers to system_stm32f1xx.o(.constdata) for AHBPrescTable
    startup_stm32f103xb.o(RESET) refers to startup_stm32f103xb.o(STACK) for __initial_sp
    startup_stm32f103xb.o(RESET) refers to startup_stm32f103xb.o(.text) for Reset_Handler
    startup_stm32f103xb.o(RESET) refers to mytimer.o(i.TIM1_UP_IRQHandler) for TIM1_UP_IRQHandler
    startup_stm32f103xb.o(RESET) refers to mytimer.o(i.TIM2_IRQHandler) for TIM2_IRQHandler
    startup_stm32f103xb.o(RESET) refers to mytimer.o(i.TIM3_IRQHandler) for TIM3_IRQHandler
    startup_stm32f103xb.o(RESET) refers to mytimer.o(i.TIM4_IRQHandler) for TIM4_IRQHandler
    startup_stm32f103xb.o(.text) refers to system_stm32f1xx.o(i.SystemInit) for SystemInit
    startup_stm32f103xb.o(.text) refers to entry.o(.ARM.Collect$$$$00000000) for __main
    entry.o(.ARM.Collect$$$$00000000) refers (Special) to entry10a.o(.ARM.Collect$$$$0000000D) for __rt_final_cpp
    entry.o(.ARM.Collect$$$$00000000) refers (Special) to entry11a.o(.ARM.Collect$$$$0000000F) for __rt_final_exit
    entry.o(.ARM.Collect$$$$00000000) refers (Special) to entry7b.o(.ARM.Collect$$$$00000008) for _main_clock
    entry.o(.ARM.Collect$$$$00000000) refers (Special) to entry8b.o(.ARM.Collect$$$$0000000A) for _main_cpp_init
    entry.o(.ARM.Collect$$$$00000000) refers (Special) to entry9a.o(.ARM.Collect$$$$0000000B) for _main_init
    entry.o(.ARM.Collect$$$$00000000) refers (Special) to entry5.o(.ARM.Collect$$$$00000004) for _main_scatterload
    entry.o(.ARM.Collect$$$$00000000) refers (Special) to entry2.o(.ARM.Collect$$$$00000001) for _main_stk
    dadd.o(.text) refers (Special) to iusefp.o(.text) for __I$use$fp
    dadd.o(.text) refers to llshl.o(.text) for __aeabi_llsl
    dadd.o(.text) refers to llsshr.o(.text) for __aeabi_lasr
    dadd.o(.text) refers to depilogue.o(.text) for _double_epilogue
    dmul.o(.text) refers (Special) to iusefp.o(.text) for __I$use$fp
    dmul.o(.text) refers to depilogue.o(.text) for _double_epilogue
    ddiv.o(.text) refers (Special) to iusefp.o(.text) for __I$use$fp
    ddiv.o(.text) refers to depilogue.o(.text) for _double_round
    fflti.o(.text) refers (Special) to iusefp.o(.text) for __I$use$fp
    fflti.o(.text) refers to fepilogue.o(.text) for _float_epilogue
    dflti.o(.text) refers (Special) to iusefp.o(.text) for __I$use$fp
    dflti.o(.text) refers to depilogue.o(.text) for _double_epilogue
    ffixi.o(.text) refers (Special) to iusefp.o(.text) for __I$use$fp
    dfixi.o(.text) refers (Special) to iusefp.o(.text) for __I$use$fp
    dfixi.o(.text) refers to llushr.o(.text) for __aeabi_llsr
    f2d.o(.text) refers (Special) to iusefp.o(.text) for __I$use$fp
    d2f.o(.text) refers (Special) to iusefp.o(.text) for __I$use$fp
    d2f.o(.text) refers to fepilogue.o(.text) for _float_round
    entry2.o(.ARM.Collect$$$$00000001) refers to entry2.o(.ARM.Collect$$$$00002712) for __lit__00000000
    entry2.o(.ARM.Collect$$$$00002712) refers to startup_stm32f103xb.o(STACK) for __initial_sp
    entry2.o(__vectab_stack_and_reset_area) refers to startup_stm32f103xb.o(STACK) for __initial_sp
    entry2.o(__vectab_stack_and_reset_area) refers to entry.o(.ARM.Collect$$$$00000000) for __main
    entry5.o(.ARM.Collect$$$$00000004) refers to init.o(.text) for __scatterload
    entry9a.o(.ARM.Collect$$$$0000000B) refers to main.o(i.main) for main
    entry9b.o(.ARM.Collect$$$$0000000C) refers to main.o(i.main) for main
    depilogue.o(.text) refers to llshl.o(.text) for __aeabi_llsl
    depilogue.o(.text) refers to llushr.o(.text) for __aeabi_llsr
    init.o(.text) refers to entry5.o(.ARM.Collect$$$$00000004) for __main_after_scatterload


==============================================================================

Removing Unused input sections from the image.

    Removing main.o(.rev16_text), (4 bytes).
    Removing main.o(.revsh_text), (4 bytes).
    Removing main.o(.rrx_text), (6 bytes).
    Removing main.o(.constdata), (35 bytes).
    Removing chrono.o(.rev16_text), (4 bytes).
    Removing chrono.o(.revsh_text), (4 bytes).
    Removing chrono.o(.rrx_text), (6 bytes).
    Removing chrono.o(i.Chrono_Conf), (52 bytes).
    Removing chrono.o(i.Chrono_Read), (8 bytes).
    Removing chrono.o(i.Chrono_Reset), (32 bytes).
    Removing chrono.o(i.Chrono_Start), (16 bytes).
    Removing chrono.o(i.Chrono_Stop), (16 bytes).
    Removing chrono.o(i.Chrono_Task_10ms), (72 bytes).
    Removing chrono.o(.data), (8 bytes).
    Removing telecommande.o(.rev16_text), (4 bytes).
    Removing telecommande.o(.revsh_text), (4 bytes).
    Removing telecommande.o(.rrx_text), (6 bytes).
    Removing moteur.o(.rev16_text), (4 bytes).
    Removing moteur.o(.revsh_text), (4 bytes).
    Removing moteur.o(.rrx_text), (6 bytes).
    Removing emetteur.o(.rev16_text), (4 bytes).
    Removing emetteur.o(.revsh_text), (4 bytes).
    Removing emetteur.o(.rrx_text), (6 bytes).
    Removing accelero.o(.rev16_text), (4 bytes).
    Removing accelero.o(.revsh_text), (4 bytes).
    Removing accelero.o(.rrx_text), (6 bytes).
    Removing batterie.o(.rev16_text), (4 bytes).
    Removing batterie.o(.revsh_text), (4 bytes).
    Removing batterie.o(.rrx_text), (6 bytes).
    Removing girouette.o(.rev16_text), (4 bytes).
    Removing girouette.o(.revsh_text), (4 bytes).
    Removing girouette.o(.rrx_text), (6 bytes).
    Removing girouette.o(i.LL_GPIO_SetPinMode), (44 bytes).
    Removing girouette.o(i.init_girouette), (108 bytes).
    Removing girouette.o(.constdata), (35 bytes).
    Removing servomoteur.o(.rev16_text), (4 bytes).
    Removing servomoteur.o(.revsh_text), (4 bytes).
    Removing servomoteur.o(.rrx_text), (6 bytes).
    Removing servomoteur.o(.constdata), (35 bytes).
    Removing mytimer.o(.rev16_text), (4 bytes).
    Removing mytimer.o(.revsh_text), (4 bytes).
    Removing mytimer.o(.rrx_text), (6 bytes).
    Removing mytimer.o(i.LL_TIM_DisableIT_UPDATE), (10 bytes).
    Removing mytimer.o(i.MyTimer_Conf_encoder), (120 bytes).
    Removing mytimer.o(i.MyTimer_IT_Conf), (192 bytes).
    Removing mytimer.o(i.MyTimer_IT_Disable), (12 bytes).
    Removing mytimer.o(i.MyTimer_IT_Enable), (14 bytes).
    Removing mytimer.o(i.MyTimer_Start), (12 bytes).
    Removing mytimer.o(i.MyTimer_Stop), (14 bytes).
    Removing mytimer.o(.constdata), (35 bytes).
    Removing stm32f1xx_ll_rcc.o(.rev16_text), (4 bytes).
    Removing stm32f1xx_ll_rcc.o(.revsh_text), (4 bytes).
    Removing stm32f1xx_ll_rcc.o(.rrx_text), (6 bytes).
    Removing stm32f1xx_ll_rcc.o(i.LL_RCC_DeInit), (152 bytes).
    Removing stm32f1xx_ll_rcc.o(i.LL_RCC_GetADCClockFreq), (124 bytes).
    Removing stm32f1xx_ll_rcc.o(i.LL_RCC_GetUSBClockFreq), (120 bytes).
    Removing stm32f1xx_ll_rcc.o(i.LL_RCC_PLL_IsReady), (16 bytes).
    Removing stm32f1xx_ll_utils.o(.rev16_text), (4 bytes).
    Removing stm32f1xx_ll_utils.o(.revsh_text), (4 bytes).
    Removing stm32f1xx_ll_utils.o(.rrx_text), (6 bytes).
    Removing stm32f1xx_ll_utils.o(i.LL_PLL_ConfigSystemClock_HSE), (260 bytes).
    Removing stm32f1xx_ll_utils.o(i.LL_PLL_ConfigSystemClock_HSI), (104 bytes).
    Removing stm32f1xx_ll_utils.o(i.LL_RCC_HSE_IsReady), (16 bytes).
    Removing stm32f1xx_ll_utils.o(i.LL_RCC_HSI_IsReady), (16 bytes).
    Removing stm32f1xx_ll_utils.o(i.LL_RCC_PLL_ConfigDomain_SYS), (28 bytes).
    Removing stm32f1xx_ll_utils.o(i.LL_RCC_PLL_IsReady), (16 bytes).
    Removing stm32f1xx_ll_utils.o(i.LL_mDelay), (40 bytes).
    Removing stm32f1xx_ll_utils.o(i.UTILS_EnablePLLAndSwitchSystem), (416 bytes).
    Removing stm32f1xx_ll_utils.o(i.UTILS_GetPLLOutputFrequency), (228 bytes).
    Removing stm32f1xx_ll_utils.o(i.UTILS_PLL_IsBusy), (16 bytes).
    Removing stm32f1xx_ll_utils.o(i.UTILS_SetFlashLatency), (80 bytes).
    Removing stm32f1xx_ll_tim.o(.rev16_text), (4 bytes).
    Removing stm32f1xx_ll_tim.o(.revsh_text), (4 bytes).
    Removing stm32f1xx_ll_tim.o(.rrx_text), (6 bytes).
    Removing stm32f1xx_ll_tim.o(i.IC1Config), (376 bytes).
    Removing stm32f1xx_ll_tim.o(i.IC2Config), (376 bytes).
    Removing stm32f1xx_ll_tim.o(i.IC3Config), (380 bytes).
    Removing stm32f1xx_ll_tim.o(i.IC4Config), (380 bytes).
    Removing stm32f1xx_ll_tim.o(i.LL_APB1_GRP1_ForceReset), (16 bytes).
    Removing stm32f1xx_ll_tim.o(i.LL_APB1_GRP1_ReleaseReset), (16 bytes).
    Removing stm32f1xx_ll_tim.o(i.LL_TIM_BDTR_Init), (312 bytes).
    Removing stm32f1xx_ll_tim.o(i.LL_TIM_BDTR_StructInit), (18 bytes).
    Removing stm32f1xx_ll_tim.o(i.LL_TIM_DeInit), (192 bytes).
    Removing stm32f1xx_ll_tim.o(i.LL_TIM_ENCODER_Init), (688 bytes).
    Removing stm32f1xx_ll_tim.o(i.LL_TIM_ENCODER_StructInit), (36 bytes).
    Removing stm32f1xx_ll_tim.o(i.LL_TIM_HALLSENSOR_Init), (396 bytes).
    Removing stm32f1xx_ll_tim.o(i.LL_TIM_HALLSENSOR_StructInit), (12 bytes).
    Removing stm32f1xx_ll_tim.o(i.LL_TIM_IC_Init), (92 bytes).
    Removing stm32f1xx_ll_tim.o(i.LL_TIM_IC_StructInit), (18 bytes).
    Removing stm32f1xx_ll_tim.o(i.LL_TIM_Init), (276 bytes).
    Removing stm32f1xx_ll_tim.o(i.LL_TIM_OC_StructInit), (20 bytes).
    Removing stm32f1xx_ll_tim.o(i.LL_TIM_StructInit), (18 bytes).
    Removing stm32f1xx_ll_tim.o(.constdata), (35 bytes).
    Removing stm32f1xx_ll_gpio.o(.rev16_text), (4 bytes).
    Removing stm32f1xx_ll_gpio.o(.revsh_text), (4 bytes).
    Removing stm32f1xx_ll_gpio.o(.rrx_text), (6 bytes).
    Removing stm32f1xx_ll_gpio.o(i.LL_APB2_GRP1_ForceReset), (16 bytes).
    Removing stm32f1xx_ll_gpio.o(i.LL_APB2_GRP1_ReleaseReset), (16 bytes).
    Removing stm32f1xx_ll_gpio.o(i.LL_GPIO_DeInit), (212 bytes).
    Removing stm32f1xx_ll_gpio.o(i.LL_GPIO_StructInit), (24 bytes).
    Removing stm32f1xx_ll_usart.o(.rev16_text), (4 bytes).
    Removing stm32f1xx_ll_usart.o(.revsh_text), (4 bytes).
    Removing stm32f1xx_ll_usart.o(.rrx_text), (6 bytes).
    Removing stm32f1xx_ll_usart.o(i.LL_APB1_GRP1_ForceReset), (16 bytes).
    Removing stm32f1xx_ll_usart.o(i.LL_APB1_GRP1_ReleaseReset), (16 bytes).
    Removing stm32f1xx_ll_usart.o(i.LL_USART_ClockInit), (276 bytes).
    Removing stm32f1xx_ll_usart.o(i.LL_USART_ClockStructInit), (12 bytes).
    Removing stm32f1xx_ll_usart.o(i.LL_USART_DeInit), (180 bytes).
    Removing stm32f1xx_ll_adc.o(.rev16_text), (4 bytes).
    Removing stm32f1xx_ll_adc.o(.revsh_text), (4 bytes).
    Removing stm32f1xx_ll_adc.o(.rrx_text), (6 bytes).
    Removing stm32f1xx_ll_adc.o(i.LL_ADC_CommonDeInit), (100 bytes).
    Removing stm32f1xx_ll_adc.o(i.LL_ADC_CommonInit), (216 bytes).
    Removing stm32f1xx_ll_adc.o(i.LL_ADC_CommonStructInit), (6 bytes).
    Removing stm32f1xx_ll_adc.o(i.LL_ADC_DeInit), (272 bytes).
    Removing stm32f1xx_ll_adc.o(i.LL_ADC_INJ_Init), (316 bytes).
    Removing stm32f1xx_ll_adc.o(i.LL_ADC_INJ_StructInit), (16 bytes).
    Removing stm32f1xx_ll_adc.o(i.LL_ADC_REG_Init), (504 bytes).
    Removing stm32f1xx_ll_adc.o(i.LL_ADC_REG_StructInit), (18 bytes).
    Removing stm32f1xx_ll_adc.o(i.LL_ADC_StructInit), (12 bytes).
    Removing system_stm32f1xx.o(.rev16_text), (4 bytes).
    Removing system_stm32f1xx.o(.revsh_text), (4 bytes).
    Removing system_stm32f1xx.o(.rrx_text), (6 bytes).
    Removing system_stm32f1xx.o(i.SystemCoreClockUpdate), (164 bytes).
    Removing startup_stm32f103xb.o(HEAP), (512 bytes).

125 unused section(s) (total 9301 bytes) removed from the image.

==============================================================================

Image Symbol Table

    Local Symbols

    Symbol Name                              Value     Ov Type        Size  Object(Section)

    ../Src/main.c                            0x00000000   Number         0  main.o ABSOLUTE
    ../Src/system_stm32f1xx.c                0x00000000   Number         0  system_stm32f1xx.o ABSOLUTE
    ../clib/microlib/init/entry.s            0x00000000   Number         0  entry5.o ABSOLUTE
    ../clib/microlib/init/entry.s            0x00000000   Number         0  entry.o ABSOLUTE
    ../clib/microlib/init/entry.s            0x00000000   Number         0  entry9a.o ABSOLUTE
    ../clib/microlib/init/entry.s            0x00000000   Number         0  entry11b.o ABSOLUTE
    ../clib/microlib/init/entry.s            0x00000000   Number         0  entry2.o ABSOLUTE
    ../clib/microlib/init/entry.s            0x00000000   Number         0  entry11a.o ABSOLUTE
    ../clib/microlib/init/entry.s            0x00000000   Number         0  entry10b.o ABSOLUTE
    ../clib/microlib/init/entry.s            0x00000000   Number         0  entry10a.o ABSOLUTE
    ../clib/microlib/init/entry.s            0x00000000   Number         0  entry9b.o ABSOLUTE
    ../clib/microlib/init/entry.s            0x00000000   Number         0  entry8b.o ABSOLUTE
    ../clib/microlib/init/entry.s            0x00000000   Number         0  entry8a.o ABSOLUTE
    ../clib/microlib/init/entry.s            0x00000000   Number         0  entry7b.o ABSOLUTE
    ../clib/microlib/init/entry.s            0x00000000   Number         0  entry7a.o ABSOLUTE
    ../clib/microlib/longlong.c              0x00000000   Number         0  llshl.o ABSOLUTE
    ../clib/microlib/longlong.c              0x00000000   Number         0  llsshr.o ABSOLUTE
    ../clib/microlib/longlong.c              0x00000000   Number         0  llushr.o ABSOLUTE
    ../clib/microlib/string/strlen.c         0x00000000   Number         0  strlen.o ABSOLUTE
    ../clib/microlib/stubs.s                 0x00000000   Number         0  iusefp.o ABSOLUTE
    ../fplib/microlib/d2f.c                  0x00000000   Number         0  d2f.o ABSOLUTE
    ../fplib/microlib/f2d.c                  0x00000000   Number         0  f2d.o ABSOLUTE
    ../fplib/microlib/fpadd.c                0x00000000   Number         0  dadd.o ABSOLUTE
    ../fplib/microlib/fpdiv.c                0x00000000   Number         0  ddiv.o ABSOLUTE
    ../fplib/microlib/fpepilogue.c           0x00000000   Number         0  depilogue.o ABSOLUTE
    ../fplib/microlib/fpepilogue.c           0x00000000   Number         0  fepilogue.o ABSOLUTE
    ../fplib/microlib/fpfix.c                0x00000000   Number         0  ffixi.o ABSOLUTE
    ../fplib/microlib/fpfix.c                0x00000000   Number         0  dfixi.o ABSOLUTE
    ../fplib/microlib/fpflt.c                0x00000000   Number         0  fflti.o ABSOLUTE
    ../fplib/microlib/fpflt.c                0x00000000   Number         0  dflti.o ABSOLUTE
    ../fplib/microlib/fpmul.c                0x00000000   Number         0  dmul.o ABSOLUTE
    ..\LLDrivers\src\stm32f1xx_ll_adc.c      0x00000000   Number         0  stm32f1xx_ll_adc.o ABSOLUTE
    ..\LLDrivers\src\stm32f1xx_ll_gpio.c     0x00000000   Number         0  stm32f1xx_ll_gpio.o ABSOLUTE
    ..\LLDrivers\src\stm32f1xx_ll_rcc.c      0x00000000   Number         0  stm32f1xx_ll_rcc.o ABSOLUTE
    ..\LLDrivers\src\stm32f1xx_ll_tim.c      0x00000000   Number         0  stm32f1xx_ll_tim.o ABSOLUTE
    ..\LLDrivers\src\stm32f1xx_ll_usart.c    0x00000000   Number         0  stm32f1xx_ll_usart.o ABSOLUTE
    ..\LLDrivers\src\stm32f1xx_ll_utils.c    0x00000000   Number         0  stm32f1xx_ll_utils.o ABSOLUTE
    ..\MyDrivers\MyTimer.c                   0x00000000   Number         0  mytimer.o ABSOLUTE
    ..\Services\Chrono.c                     0x00000000   Number         0  chrono.o ABSOLUTE
    ..\Services\Emetteur\Emetteur.c          0x00000000   Number         0  emetteur.o ABSOLUTE
    ..\Services\Telecommande\telecommande.c  0x00000000   Number         0  telecommande.o ABSOLUTE
    ..\Services\accelerometre\accelero.c     0x00000000   Number         0  accelero.o ABSOLUTE
    ..\Services\batterie\batterie.c          0x00000000   Number         0  batterie.o ABSOLUTE
    ..\Services\girouette\girouette.c        0x00000000   Number         0  girouette.o ABSOLUTE
    ..\Services\moteur\moteur.c              0x00000000   Number         0  moteur.o ABSOLUTE
    ..\Services\servomoteur\servomoteur.c    0x00000000   Number         0  servomoteur.o ABSOLUTE
    ..\Src\main.c                            0x00000000   Number         0  main.o ABSOLUTE
    ..\Src\system_stm32f1xx.c                0x00000000   Number         0  system_stm32f1xx.o ABSOLUTE
    ..\\LLDrivers\\src\\stm32f1xx_ll_adc.c   0x00000000   Number         0  stm32f1xx_ll_adc.o ABSOLUTE
    ..\\LLDrivers\\src\\stm32f1xx_ll_gpio.c  0x00000000   Number         0  stm32f1xx_ll_gpio.o ABSOLUTE
    ..\\LLDrivers\\src\\stm32f1xx_ll_rcc.c   0x00000000   Number         0  stm32f1xx_ll_rcc.o ABSOLUTE
    ..\\LLDrivers\\src\\stm32f1xx_ll_tim.c   0x00000000   Number         0  stm32f1xx_ll_tim.o ABSOLUTE
    ..\\LLDrivers\\src\\stm32f1xx_ll_usart.c 0x00000000   Number         0  stm32f1xx_ll_usart.o ABSOLUTE
    ..\\LLDrivers\\src\\stm32f1xx_ll_utils.c 0x00000000   Number         0  stm32f1xx_ll_utils.o ABSOLUTE
    ..\\MyDrivers\\MyTimer.c                 0x00000000   Number         0  mytimer.o ABSOLUTE
    ..\\Services\\Chrono.c                   0x00000000   Number         0  chrono.o ABSOLUTE
    ..\\Services\\Emetteur\\Emetteur.c       0x00000000   Number         0  emetteur.o ABSOLUTE
    ..\\Services\\Telecommande\\telecommande.c 0x00000000   Number         0  telecommande.o ABSOLUTE
    ..\\Services\\accelerometre\\accelero.c  0x00000000   Number         0  accelero.o ABSOLUTE
    ..\\Services\\batterie\\batterie.c       0x00000000   Number         0  batterie.o ABSOLUTE
    ..\\Services\\girouette\\girouette.c     0x00000000   Number         0  girouette.o ABSOLUTE
    ..\\Services\\moteur\\moteur.c           0x00000000   Number         0  moteur.o ABSOLUTE
    ..\\Services\\servomoteur\\servomoteur.c 0x00000000   Number         0  servomoteur.o ABSOLUTE
    dc.s                                     0x00000000   Number         0  dc.o ABSOLUTE
    handlers.s                               0x00000000   Number         0  handlers.o ABSOLUTE
    init.s                                   0x00000000   Number         0  init.o ABSOLUTE
    startup_stm32f103xb.s                    0x00000000   Number         0  startup_stm32f103xb.o ABSOLUTE
    RESET                                    0x08000000   Section      236  startup_stm32f103xb.o(RESET)
    .ARM.Collect$$$$00000000                 0x080000ec   Section        0  entry.o(.ARM.Collect$$$$00000000)
    .ARM.Collect$$$$00000001                 0x080000ec   Section        4  entry2.o(.ARM.Collect$$$$00000001)
    .ARM.Collect$$$$00000004                 0x080000f0   Section        4  entry5.o(.ARM.Collect$$$$00000004)
    .ARM.Collect$$$$00000008                 0x080000f4   Section        0  entry7b.o(.ARM.Collect$$$$00000008)
    .ARM.Collect$$$$0000000A                 0x080000f4   Section        0  entry8b.o(.ARM.Collect$$$$0000000A)
    .ARM.Collect$$$$0000000B                 0x080000f4   Section        8  entry9a.o(.ARM.Collect$$$$0000000B)
    .ARM.Collect$$$$0000000D                 0x080000fc   Section        0  entry10a.o(.ARM.Collect$$$$0000000D)
    .ARM.Collect$$$$0000000F                 0x080000fc   Section        0  entry11a.o(.ARM.Collect$$$$0000000F)
    .ARM.Collect$$$$00002712                 0x080000fc   Section        4  entry2.o(.ARM.Collect$$$$00002712)
    __lit__00000000                          0x080000fc   Data           4  entry2.o(.ARM.Collect$$$$00002712)
    .text                                    0x08000100   Section       36  startup_stm32f103xb.o(.text)
    .text                                    0x08000124   Section        0  strlen.o(.text)
    .text                                    0x08000132   Section        0  dadd.o(.text)
    .text                                    0x08000280   Section        0  dmul.o(.text)
    .text                                    0x08000364   Section        0  ddiv.o(.text)
    .text                                    0x08000442   Section        0  fflti.o(.text)
    .text                                    0x08000454   Section        0  dflti.o(.text)
    .text                                    0x08000476   Section        0  ffixi.o(.text)
    .text                                    0x080004a8   Section        0  dfixi.o(.text)
    .text                                    0x080004e6   Section        0  f2d.o(.text)
    .text                                    0x0800050c   Section        0  d2f.o(.text)
    .text                                    0x08000544   Section        0  llshl.o(.text)
    .text                                    0x08000562   Section        0  llushr.o(.text)
    .text                                    0x08000582   Section        0  llsshr.o(.text)
    .text                                    0x080005a6   Section        0  iusefp.o(.text)
    .text                                    0x080005a6   Section        0  fepilogue.o(.text)
    .text                                    0x08000614   Section        0  depilogue.o(.text)
    .text                                    0x080006d0   Section       36  init.o(.text)
    i.LL_ADC_Init                            0x080006f4   Section        0  stm32f1xx_ll_adc.o(i.LL_ADC_Init)
    i.LL_ADC_IsEnabled                       0x08000798   Section        0  stm32f1xx_ll_adc.o(i.LL_ADC_IsEnabled)
    LL_ADC_IsEnabled                         0x08000799   Thumb Code    10  stm32f1xx_ll_adc.o(i.LL_ADC_IsEnabled)
    i.LL_APB1_GRP1_EnableClock               0x080007a4   Section        0  mytimer.o(i.LL_APB1_GRP1_EnableClock)
    LL_APB1_GRP1_EnableClock                 0x080007a5   Thumb Code    24  mytimer.o(i.LL_APB1_GRP1_EnableClock)
    i.LL_APB2_GRP1_EnableClock               0x080007c0   Section        0  mytimer.o(i.LL_APB2_GRP1_EnableClock)
    LL_APB2_GRP1_EnableClock                 0x080007c1   Thumb Code    24  mytimer.o(i.LL_APB2_GRP1_EnableClock)
    i.LL_GPIO_Init                           0x080007dc   Section        0  stm32f1xx_ll_gpio.o(i.LL_GPIO_Init)
    i.LL_GPIO_SetPinMode                     0x080009d4   Section        0  moteur.o(i.LL_GPIO_SetPinMode)
    LL_GPIO_SetPinMode                       0x080009d5   Thumb Code    44  moteur.o(i.LL_GPIO_SetPinMode)
    i.LL_GPIO_SetPinMode                     0x08000a00   Section        0  accelero.o(i.LL_GPIO_SetPinMode)
    LL_GPIO_SetPinMode                       0x08000a01   Thumb Code    44  accelero.o(i.LL_GPIO_SetPinMode)
    i.LL_GPIO_SetPinOutputType               0x08000a2c   Section        0  moteur.o(i.LL_GPIO_SetPinOutputType)
    LL_GPIO_SetPinOutputType                 0x08000a2d   Thumb Code    44  moteur.o(i.LL_GPIO_SetPinOutputType)
    i.LL_Init1msTick                         0x08000a58   Section        0  stm32f1xx_ll_utils.o(i.LL_Init1msTick)
    i.LL_RCC_GetSystemClocksFreq             0x08000a74   Section        0  stm32f1xx_ll_rcc.o(i.LL_RCC_GetSystemClocksFreq)
    i.LL_SetSystemCoreClock                  0x08000a98   Section        0  stm32f1xx_ll_utils.o(i.LL_SetSystemCoreClock)
    i.LL_TIM_ClearFlag_UPDATE                0x08000aa4   Section        0  mytimer.o(i.LL_TIM_ClearFlag_UPDATE)
    LL_TIM_ClearFlag_UPDATE                  0x08000aa5   Thumb Code     8  mytimer.o(i.LL_TIM_ClearFlag_UPDATE)
    i.LL_TIM_EnableCounter                   0x08000aac   Section        0  mytimer.o(i.LL_TIM_EnableCounter)
    LL_TIM_EnableCounter                     0x08000aad   Thumb Code    10  mytimer.o(i.LL_TIM_EnableCounter)
    i.LL_TIM_OC_Init                         0x08000ab6   Section        0  stm32f1xx_ll_tim.o(i.LL_TIM_OC_Init)
    i.LL_TIM_OC_SetCompareCH2                0x08000b12   Section        0  stm32f1xx_ll_tim.o(i.LL_TIM_OC_SetCompareCH2)
    LL_TIM_OC_SetCompareCH2                  0x08000b13   Thumb Code     4  stm32f1xx_ll_tim.o(i.LL_TIM_OC_SetCompareCH2)
    i.LL_TIM_SetAutoReload                   0x08000b16   Section        0  mytimer.o(i.LL_TIM_SetAutoReload)
    LL_TIM_SetAutoReload                     0x08000b17   Thumb Code     4  mytimer.o(i.LL_TIM_SetAutoReload)
    i.LL_USART_Init                          0x08000b1c   Section        0  stm32f1xx_ll_usart.o(i.LL_USART_Init)
    i.LL_USART_IsEnabled                     0x08000ccc   Section        0  stm32f1xx_ll_usart.o(i.LL_USART_IsEnabled)
    LL_USART_IsEnabled                       0x08000ccd   Thumb Code    10  stm32f1xx_ll_usart.o(i.LL_USART_IsEnabled)
    i.LL_USART_SetBaudRate                   0x08000cd6   Section        0  emetteur.o(i.LL_USART_SetBaudRate)
    LL_USART_SetBaudRate                     0x08000cd7   Thumb Code   158  emetteur.o(i.LL_USART_SetBaudRate)
    i.LL_USART_SetBaudRate                   0x08000d74   Section        0  stm32f1xx_ll_usart.o(i.LL_USART_SetBaudRate)
    LL_USART_SetBaudRate                     0x08000d75   Thumb Code   158  stm32f1xx_ll_usart.o(i.LL_USART_SetBaudRate)
    i.LL_USART_StructInit                    0x08000e12   Section        0  stm32f1xx_ll_usart.o(i.LL_USART_StructInit)
    i.MyTimer_Conf_PWM                       0x08000e2c   Section        0  mytimer.o(i.MyTimer_Conf_PWM)
    i.OC1Config                              0x08000eac   Section        0  stm32f1xx_ll_tim.o(i.OC1Config)
    OC1Config                                0x08000ead   Thumb Code   354  stm32f1xx_ll_tim.o(i.OC1Config)
    i.OC2Config                              0x08001040   Section        0  stm32f1xx_ll_tim.o(i.OC2Config)
    OC2Config                                0x08001041   Thumb Code   356  stm32f1xx_ll_tim.o(i.OC2Config)
    i.OC3Config                              0x080011d4   Section        0  stm32f1xx_ll_tim.o(i.OC3Config)
    OC3Config                                0x080011d5   Thumb Code   354  stm32f1xx_ll_tim.o(i.OC3Config)
    i.OC4Config                              0x08001368   Section        0  stm32f1xx_ll_tim.o(i.OC4Config)
    OC4Config                                0x08001369   Thumb Code   324  stm32f1xx_ll_tim.o(i.OC4Config)
    i.RCC_GetHCLKClockFreq                   0x080014dc   Section        0  stm32f1xx_ll_rcc.o(i.RCC_GetHCLKClockFreq)
    i.RCC_GetPCLK1ClockFreq                  0x080014fc   Section        0  stm32f1xx_ll_rcc.o(i.RCC_GetPCLK1ClockFreq)
    i.RCC_GetPCLK2ClockFreq                  0x08001520   Section        0  stm32f1xx_ll_rcc.o(i.RCC_GetPCLK2ClockFreq)
    i.RCC_GetSystemClockFreq                 0x08001544   Section        0  stm32f1xx_ll_rcc.o(i.RCC_GetSystemClockFreq)
    i.RCC_PLL_GetFreqDomain_SYS              0x08001580   Section        0  stm32f1xx_ll_rcc.o(i.RCC_PLL_GetFreqDomain_SYS)
    i.SystemClock_Config                     0x080015d8   Section        0  main.o(i.SystemClock_Config)
    i.SystemInit                             0x080016b8   Section        0  system_stm32f1xx.o(i.SystemInit)
    i.TIM1_UP_IRQHandler                     0x08001710   Section        0  mytimer.o(i.TIM1_UP_IRQHandler)
    i.TIM2_IRQHandler                        0x08001728   Section        0  mytimer.o(i.TIM2_IRQHandler)
    i.TIM3_IRQHandler                        0x08001740   Section        0  mytimer.o(i.TIM3_IRQHandler)
    i.TIM4_IRQHandler                        0x08001758   Section        0  mytimer.o(i.TIM4_IRQHandler)
    i.__scatterload_copy                     0x08001770   Section       14  handlers.o(i.__scatterload_copy)
    i.__scatterload_null                     0x0800177e   Section        2  handlers.o(i.__scatterload_null)
    i.__scatterload_zeroinit                 0x08001780   Section       14  handlers.o(i.__scatterload_zeroinit)
    i.angleSafe                              0x08001790   Section        0  accelero.o(i.angleSafe)
    i.angle_girouette                        0x080017ec   Section        0  girouette.o(i.angle_girouette)
    i.assert_failed                          0x080017fc   Section        0  main.o(i.assert_failed)
    i.batterie_OK                            0x08001800   Section        0  batterie.o(i.batterie_OK)
    i.bordageVoiles                          0x08001854   Section        0  servomoteur.o(i.bordageVoiles)
    i.config_gpio_moteur                     0x08001928   Section        0  moteur.o(i.config_gpio_moteur)
    i.config_gpio_telecommande               0x08001970   Section        0  telecommande.o(i.config_gpio_telecommande)
    i.config_uart                            0x080019bc   Section        0  emetteur.o(i.config_uart)
    i.get_angle_telecommande                 0x08001a60   Section        0  telecommande.o(i.get_angle_telecommande)
    i.get_period_telecommande                0x08001aa4   Section        0  telecommande.o(i.get_period_telecommande)
    i.get_sens_telecommande                  0x08001aaa   Section        0  telecommande.o(i.get_sens_telecommande)
    i.get_vitesse_telecommande               0x08001abc   Section        0  telecommande.o(i.get_vitesse_telecommande)
    i.init_accelero                          0x08001af4   Section        0  accelero.o(i.init_accelero)
    i.init_servom                            0x08001b50   Section        0  servomoteur.o(i.init_servom)
    i.init_surv_batterie                     0x08001c00   Section        0  batterie.o(i.init_surv_batterie)
    i.init_timer_pwm_input                   0x08001c58   Section        0  telecommande.o(i.init_timer_pwm_input)
    i.main                                   0x08001d38   Section        0  main.o(i.main)
    i.send_char                              0x08001e24   Section        0  emetteur.o(i.send_char)
    i.send_msg                               0x08001e54   Section        0  emetteur.o(i.send_msg)
    i.set_sens_moteur                        0x08001e70   Section        0  moteur.o(i.set_sens_moteur)
    i.set_vitesse_moteur                     0x08001e98   Section        0  moteur.o(i.set_vitesse_moteur)
    .constdata                               0x08001ee8   Section       24  system_stm32f1xx.o(.constdata)
    .data                                    0x20000000   Section       16  main.o(.data)
    periode                                  0x20000000   Data           4  main.o(.data)
    angle                                    0x20000004   Data           4  main.o(.data)
    vitess                                   0x20000008   Data           4  main.o(.data)
    sens                                     0x2000000c   Data           4  main.o(.data)
    .data                                    0x20000010   Section       16  mytimer.o(.data)
    .data                                    0x20000020   Section        4  system_stm32f1xx.o(.data)
    STACK                                    0x20000028   Section     1024  startup_stm32f103xb.o(STACK)

    Global Symbols

    Symbol Name                              Value     Ov Type        Size  Object(Section)

    BuildAttributes$$THM_ISAv4$P$D$K$B$S$PE$A:L22UL41UL21$X:L11$S22US41US21$IEEE1$IW$USESV6$~STKCKD$USESV7$~SHL$OTIME$ROPI$EBA8$MICROLIB$REQ8$PRES8$EABIv2 0x00000000   Number         0  anon$$obj.o ABSOLUTE
    __ARM_use_no_argv                        0x00000000   Number         0  main.o ABSOLUTE
    __cpp_initialize__aeabi_                  - Undefined Weak Reference
    __cxa_finalize                            - Undefined Weak Reference
    __decompress                              - Undefined Weak Reference
    _clock_init                               - Undefined Weak Reference
    _microlib_exit                            - Undefined Weak Reference
    __Vectors_Size                           0x000000ec   Number         0  startup_stm32f103xb.o ABSOLUTE
    __Vectors                                0x08000000   Data           4  startup_stm32f103xb.o(RESET)
    __Vectors_End                            0x080000ec   Data           0  startup_stm32f103xb.o(RESET)
    __main                                   0x080000ed   Thumb Code     0  entry.o(.ARM.Collect$$$$00000000)
    _main_stk                                0x080000ed   Thumb Code     0  entry2.o(.ARM.Collect$$$$00000001)
    _main_scatterload                        0x080000f1   Thumb Code     0  entry5.o(.ARM.Collect$$$$00000004)
    __main_after_scatterload                 0x080000f5   Thumb Code     0  entry5.o(.ARM.Collect$$$$00000004)
    _main_clock                              0x080000f5   Thumb Code     0  entry7b.o(.ARM.Collect$$$$00000008)
    _main_cpp_init                           0x080000f5   Thumb Code     0  entry8b.o(.ARM.Collect$$$$0000000A)
    _main_init                               0x080000f5   Thumb Code     0  entry9a.o(.ARM.Collect$$$$0000000B)
    __rt_final_cpp                           0x080000fd   Thumb Code     0  entry10a.o(.ARM.Collect$$$$0000000D)
    __rt_final_exit                          0x080000fd   Thumb Code     0  entry11a.o(.ARM.Collect$$$$0000000F)
    Reset_Handler                            0x08000101   Thumb Code     8  startup_stm32f103xb.o(.text)
    NMI_Handler                              0x08000109   Thumb Code     2  startup_stm32f103xb.o(.text)
    HardFault_Handler                        0x0800010b   Thumb Code     2  startup_stm32f103xb.o(.text)
    MemManage_Handler                        0x0800010d   Thumb Code     2  startup_stm32f103xb.o(.text)
    BusFault_Handler                         0x0800010f   Thumb Code     2  startup_stm32f103xb.o(.text)
    UsageFault_Handler                       0x08000111   Thumb Code     2  startup_stm32f103xb.o(.text)
    SVC_Handler                              0x08000113   Thumb Code     2  startup_stm32f103xb.o(.text)
    DebugMon_Handler                         0x08000115   Thumb Code     2  startup_stm32f103xb.o(.text)
    PendSV_Handler                           0x08000117   Thumb Code     2  startup_stm32f103xb.o(.text)
    SysTick_Handler                          0x08000119   Thumb Code     2  startup_stm32f103xb.o(.text)
    ADC1_2_IRQHandler                        0x0800011b   Thumb Code     0  startup_stm32f103xb.o(.text)
    CAN1_RX1_IRQHandler                      0x0800011b   Thumb Code     0  startup_stm32f103xb.o(.text)
    CAN1_SCE_IRQHandler                      0x0800011b   Thumb Code     0  startup_stm32f103xb.o(.text)
    DMA1_Channel1_IRQHandler                 0x0800011b   Thumb Code     0  startup_stm32f103xb.o(.text)
    DMA1_Channel2_IRQHandler                 0x0800011b   Thumb Code     0  startup_stm32f103xb.o(.text)
    DMA1_Channel3_IRQHandler                 0x0800011b   Thumb Code     0  startup_stm32f103xb.o(.text)
    DMA1_Channel4_IRQHandler                 0x0800011b   Thumb Code     0  startup_stm32f103xb.o(.text)
    DMA1_Channel5_IRQHandler                 0x0800011b   Thumb Code     0  startup_stm32f103xb.o(.text)
    DMA1_Channel6_IRQHandler                 0x0800011b   Thumb Code     0  startup_stm32f103xb.o(.text)
    DMA1_Channel7_IRQHandler                 0x0800011b   Thumb Code     0  startup_stm32f103xb.o(.text)
    EXTI0_IRQHandler                         0x0800011b   Thumb Code     0  startup_stm32f103xb.o(.text)
    EXTI15_10_IRQHandler                     0x0800011b   Thumb Code     0  startup_stm32f103xb.o(.text)
    EXTI1_IRQHandler                         0x0800011b   Thumb Code     0  startup_stm32f103xb.o(.text)
    EXTI2_IRQHandler                         0x0800011b   Thumb Code     0  startup_stm32f103xb.o(.text)
    EXTI3_IRQHandler                         0x0800011b   Thumb Code     0  startup_stm32f103xb.o(.text)
    EXTI4_IRQHandler                         0x0800011b   Thumb Code     0  startup_stm32f103xb.o(.text)
    EXTI9_5_IRQHandler                       0x0800011b   Thumb Code     0  startup_stm32f103xb.o(.text)
    FLASH_IRQHandler                         0x0800011b   Thumb Code     0  startup_stm32f103xb.o(.text)
    I2C1_ER_IRQHandler                       0x0800011b   Thumb Code     0  startup_stm32f103xb.o(.text)
    I2C1_EV_IRQHandler                       0x0800011b   Thumb Code     0  startup_stm32f103xb.o(.text)
    I2C2_ER_IRQHandler                       0x0800011b   Thumb Code     0  startup_stm32f103xb.o(.text)
    I2C2_EV_IRQHandler                       0x0800011b   Thumb Code     0  startup_stm32f103xb.o(.text)
    PVD_IRQHandler                           0x0800011b   Thumb Code     0  startup_stm32f103xb.o(.text)
    RCC_IRQHandler                           0x0800011b   Thumb Code     0  startup_stm32f103xb.o(.text)
    RTC_Alarm_IRQHandler                     0x0800011b   Thumb Code     0  startup_stm32f103xb.o(.text)
    RTC_IRQHandler                           0x0800011b   Thumb Code     0  startup_stm32f103xb.o(.text)
    SPI1_IRQHandler                          0x0800011b   Thumb Code     0  startup_stm32f103xb.o(.text)
    SPI2_IRQHandler                          0x0800011b   Thumb Code     0  startup_stm32f103xb.o(.text)
    TAMPER_IRQHandler                        0x0800011b   Thumb Code     0  startup_stm32f103xb.o(.text)
    TIM1_BRK_IRQHandler                      0x0800011b   Thumb Code     0  startup_stm32f103xb.o(.text)
    TIM1_CC_IRQHandler                       0x0800011b   Thumb Code     0  startup_stm32f103xb.o(.text)
    TIM1_TRG_COM_IRQHandler                  0x0800011b   Thumb Code     0  startup_stm32f103xb.o(.text)
    USART1_IRQHandler                        0x0800011b   Thumb Code     0  startup_stm32f103xb.o(.text)
    USART2_IRQHandler                        0x0800011b   Thumb Code     0  startup_stm32f103xb.o(.text)
    USART3_IRQHandler                        0x0800011b   Thumb Code     0  startup_stm32f103xb.o(.text)
    USBWakeUp_IRQHandler                     0x0800011b   Thumb Code     0  startup_stm32f103xb.o(.text)
    USB_HP_CAN1_TX_IRQHandler                0x0800011b   Thumb Code     0  startup_stm32f103xb.o(.text)
    USB_LP_CAN1_RX0_IRQHandler               0x0800011b   Thumb Code     0  startup_stm32f103xb.o(.text)
    WWDG_IRQHandler                          0x0800011b   Thumb Code     0  startup_stm32f103xb.o(.text)
    strlen                                   0x08000125   Thumb Code    14  strlen.o(.text)
    __aeabi_dadd                             0x08000133   Thumb Code   322  dadd.o(.text)
    __aeabi_dsub                             0x08000275   Thumb Code     6  dadd.o(.text)
    __aeabi_drsub                            0x0800027b   Thumb Code     6  dadd.o(.text)
    __aeabi_dmul                             0x08000281   Thumb Code   228  dmul.o(.text)
    __aeabi_ddiv                             0x08000365   Thumb Code   222  ddiv.o(.text)
    __aeabi_i2f                              0x08000443   Thumb Code    18  fflti.o(.text)
    __aeabi_i2d                              0x08000455   Thumb Code    34  dflti.o(.text)
    __aeabi_f2iz                             0x08000477   Thumb Code    50  ffixi.o(.text)
    __aeabi_d2iz                             0x080004a9   Thumb Code    62  dfixi.o(.text)
    __aeabi_f2d                              0x080004e7   Thumb Code    38  f2d.o(.text)
    __aeabi_d2f                              0x0800050d   Thumb Code    56  d2f.o(.text)
    __aeabi_llsl                             0x08000545   Thumb Code    30  llshl.o(.text)
    _ll_shift_l                              0x08000545   Thumb Code     0  llshl.o(.text)
    __aeabi_llsr                             0x08000563   Thumb Code    32  llushr.o(.text)
    _ll_ushift_r                             0x08000563   Thumb Code     0  llushr.o(.text)
    __aeabi_lasr                             0x08000583   Thumb Code    36  llsshr.o(.text)
    _ll_sshift_r                             0x08000583   Thumb Code     0  llsshr.o(.text)
    __I$use$fp                               0x080005a7   Thumb Code     0  iusefp.o(.text)
    _float_round                             0x080005a7   Thumb Code    18  fepilogue.o(.text)
    _float_epilogue                          0x080005b9   Thumb Code    92  fepilogue.o(.text)
    _double_round                            0x08000615   Thumb Code    30  depilogue.o(.text)
    _double_epilogue                         0x08000633   Thumb Code   156  depilogue.o(.text)
    __scatterload                            0x080006d1   Thumb Code    28  init.o(.text)
    __scatterload_rt2                        0x080006d1   Thumb Code     0  init.o(.text)
    LL_ADC_Init                              0x080006f5   Thumb Code   120  stm32f1xx_ll_adc.o(i.LL_ADC_Init)
    LL_GPIO_Init                             0x080007dd   Thumb Code   442  stm32f1xx_ll_gpio.o(i.LL_GPIO_Init)
    LL_Init1msTick                           0x08000a59   Thumb Code    28  stm32f1xx_ll_utils.o(i.LL_Init1msTick)
    LL_RCC_GetSystemClocksFreq               0x08000a75   Thumb Code    36  stm32f1xx_ll_rcc.o(i.LL_RCC_GetSystemClocksFreq)
    LL_SetSystemCoreClock                    0x08000a99   Thumb Code     6  stm32f1xx_ll_utils.o(i.LL_SetSystemCoreClock)
    LL_TIM_OC_Init                           0x08000ab7   Thumb Code    92  stm32f1xx_ll_tim.o(i.LL_TIM_OC_Init)
    LL_USART_Init                            0x08000b1d   Thumb Code   376  stm32f1xx_ll_usart.o(i.LL_USART_Init)
    LL_USART_StructInit                      0x08000e13   Thumb Code    24  stm32f1xx_ll_usart.o(i.LL_USART_StructInit)
    MyTimer_Conf_PWM                         0x08000e2d   Thumb Code   118  mytimer.o(i.MyTimer_Conf_PWM)
    RCC_GetHCLKClockFreq                     0x080014dd   Thumb Code    24  stm32f1xx_ll_rcc.o(i.RCC_GetHCLKClockFreq)
    RCC_GetPCLK1ClockFreq                    0x080014fd   Thumb Code    26  stm32f1xx_ll_rcc.o(i.RCC_GetPCLK1ClockFreq)
    RCC_GetPCLK2ClockFreq                    0x08001521   Thumb Code    26  stm32f1xx_ll_rcc.o(i.RCC_GetPCLK2ClockFreq)
    RCC_GetSystemClockFreq                   0x08001545   Thumb Code    52  stm32f1xx_ll_rcc.o(i.RCC_GetSystemClockFreq)
    RCC_PLL_GetFreqDomain_SYS                0x08001581   Thumb Code    76  stm32f1xx_ll_rcc.o(i.RCC_PLL_GetFreqDomain_SYS)
    SystemClock_Config                       0x080015d9   Thumb Code   212  main.o(i.SystemClock_Config)
    SystemInit                               0x080016b9   Thumb Code    70  system_stm32f1xx.o(i.SystemInit)
    TIM1_UP_IRQHandler                       0x08001711   Thumb Code    16  mytimer.o(i.TIM1_UP_IRQHandler)
    TIM2_IRQHandler                          0x08001729   Thumb Code    18  mytimer.o(i.TIM2_IRQHandler)
    TIM3_IRQHandler                          0x08001741   Thumb Code    16  mytimer.o(i.TIM3_IRQHandler)
    TIM4_IRQHandler                          0x08001759   Thumb Code    16  mytimer.o(i.TIM4_IRQHandler)
    __scatterload_copy                       0x08001771   Thumb Code    14  handlers.o(i.__scatterload_copy)
    __scatterload_null                       0x0800177f   Thumb Code     2  handlers.o(i.__scatterload_null)
    __scatterload_zeroinit                   0x08001781   Thumb Code    14  handlers.o(i.__scatterload_zeroinit)
    angleSafe                                0x08001791   Thumb Code    86  accelero.o(i.angleSafe)
    angle_girouette                          0x080017ed   Thumb Code    10  girouette.o(i.angle_girouette)
    assert_failed                            0x080017fd   Thumb Code     4  main.o(i.assert_failed)
    batterie_OK                              0x08001801   Thumb Code    80  batterie.o(i.batterie_OK)
    bordageVoiles                            0x08001855   Thumb Code   194  servomoteur.o(i.bordageVoiles)
    config_gpio_moteur                       0x08001929   Thumb Code    64  moteur.o(i.config_gpio_moteur)
    config_gpio_telecommande                 0x08001971   Thumb Code    66  telecommande.o(i.config_gpio_telecommande)
    config_uart                              0x080019bd   Thumb Code   138  emetteur.o(i.config_uart)
    get_angle_telecommande                   0x08001a61   Thumb Code    52  telecommande.o(i.get_angle_telecommande)
    get_period_telecommande                  0x08001aa5   Thumb Code     6  telecommande.o(i.get_period_telecommande)
    get_sens_telecommande                    0x08001aab   Thumb Code    16  telecommande.o(i.get_sens_telecommande)
    get_vitesse_telecommande                 0x08001abd   Thumb Code    46  telecommande.o(i.get_vitesse_telecommande)
    init_accelero                            0x08001af5   Thumb Code    78  accelero.o(i.init_accelero)
    init_servom                              0x08001b51   Thumb Code   158  servomoteur.o(i.init_servom)
    init_surv_batterie                       0x08001c01   Thumb Code    76  batterie.o(i.init_surv_batterie)
    init_timer_pwm_input                     0x08001c59   Thumb Code   206  telecommande.o(i.init_timer_pwm_input)
    main                                     0x08001d39   Thumb Code   178  main.o(i.main)
    send_char                                0x08001e25   Thumb Code    44  emetteur.o(i.send_char)
    send_msg                                 0x08001e55   Thumb Code    28  emetteur.o(i.send_msg)
    set_sens_moteur                          0x08001e71   Thumb Code    34  moteur.o(i.set_sens_moteur)
    set_vitesse_moteur                       0x08001e99   Thumb Code    72  moteur.o(i.set_vitesse_moteur)
    AHBPrescTable                            0x08001ee8   Data          16  system_stm32f1xx.o(.constdata)
    APBPrescTable                            0x08001ef8   Data           8  system_stm32f1xx.o(.constdata)
    Region$$Table$$Base                      0x08001f00   Number         0  anon$$obj.o(Region$$Table)
    Region$$Table$$Limit                     0x08001f20   Number         0  anon$$obj.o(Region$$Table)
    Ptr_ItFct_TIM1                           0x20000010   Data           4  mytimer.o(.data)
    Ptr_ItFct_TIM2                           0x20000014   Data           4  mytimer.o(.data)
    Ptr_ItFct_TIM3                           0x20000018   Data           4  mytimer.o(.data)
    Ptr_ItFct_TIM4                           0x2000001c   Data           4  mytimer.o(.data)
    SystemCoreClock                          0x20000020   Data           4  system_stm32f1xx.o(.data)
    __initial_sp                             0x20000428   Data           0  startup_stm32f103xb.o(STACK)



==============================================================================

Memory Map of the image

  Image Entry point : 0x080000ed

  Load Region LR_IROM1 (Base: 0x08000000, Size: 0x00001f44, Max: 0x00020000, ABSOLUTE)

    Execution Region ER_IROM1 (Exec base: 0x08000000, Load base: 0x08000000, Size: 0x00001f20, Max: 0x00020000, ABSOLUTE)

    Exec Addr    Load Addr    Size         Type   Attr      Idx    E Section Name        Object

    0x08000000   0x08000000   0x000000ec   Data   RO         1207    RESET               startup_stm32f103xb.o
    0x080000ec   0x080000ec   0x00000000   Code   RO         1212  * .ARM.Collect$$$$00000000  mc_w.l(entry.o)
    0x080000ec   0x080000ec   0x00000004   Code   RO         1235    .ARM.Collect$$$$00000001  mc_w.l(entry2.o)
    0x080000f0   0x080000f0   0x00000004   Code   RO         1238    .ARM.Collect$$$$00000004  mc_w.l(entry5.o)
    0x080000f4   0x080000f4   0x00000000   Code   RO         1240    .ARM.Collect$$$$00000008  mc_w.l(entry7b.o)
    0x080000f4   0x080000f4   0x00000000   Code   RO         1242    .ARM.Collect$$$$0000000A  mc_w.l(entry8b.o)
    0x080000f4   0x080000f4   0x00000008   Code   RO         1243    .ARM.Collect$$$$0000000B  mc_w.l(entry9a.o)
    0x080000fc   0x080000fc   0x00000000   Code   RO         1245    .ARM.Collect$$$$0000000D  mc_w.l(entry10a.o)
    0x080000fc   0x080000fc   0x00000000   Code   RO         1247    .ARM.Collect$$$$0000000F  mc_w.l(entry11a.o)
    0x080000fc   0x080000fc   0x00000004   Code   RO         1236    .ARM.Collect$$$$00002712  mc_w.l(entry2.o)
    0x08000100   0x08000100   0x00000024   Code   RO         1208    .text               startup_stm32f103xb.o
    0x08000124   0x08000124   0x0000000e   Code   RO         1215    .text               mc_w.l(strlen.o)
    0x08000132   0x08000132   0x0000014e   Code   RO         1217    .text               mf_w.l(dadd.o)
    0x08000280   0x08000280   0x000000e4   Code   RO         1219    .text               mf_w.l(dmul.o)
    0x08000364   0x08000364   0x000000de   Code   RO         1221    .text               mf_w.l(ddiv.o)
    0x08000442   0x08000442   0x00000012   Code   RO         1223    .text               mf_w.l(fflti.o)
    0x08000454   0x08000454   0x00000022   Code   RO         1225    .text               mf_w.l(dflti.o)
    0x08000476   0x08000476   0x00000032   Code   RO         1227    .text               mf_w.l(ffixi.o)
    0x080004a8   0x080004a8   0x0000003e   Code   RO         1229    .text               mf_w.l(dfixi.o)
    0x080004e6   0x080004e6   0x00000026   Code   RO         1231    .text               mf_w.l(f2d.o)
    0x0800050c   0x0800050c   0x00000038   Code   RO         1233    .text               mf_w.l(d2f.o)
    0x08000544   0x08000544   0x0000001e   Code   RO         1249    .text               mc_w.l(llshl.o)
    0x08000562   0x08000562   0x00000020   Code   RO         1251    .text               mc_w.l(llushr.o)
    0x08000582   0x08000582   0x00000024   Code   RO         1253    .text               mc_w.l(llsshr.o)
    0x080005a6   0x080005a6   0x00000000   Code   RO         1255    .text               mc_w.l(iusefp.o)
    0x080005a6   0x080005a6   0x0000006e   Code   RO         1256    .text               mf_w.l(fepilogue.o)
    0x08000614   0x08000614   0x000000ba   Code   RO         1258    .text               mf_w.l(depilogue.o)
    0x080006ce   0x080006ce   0x00000002   PAD
    0x080006d0   0x080006d0   0x00000024   Code   RO         1260    .text               mc_w.l(init.o)
    0x080006f4   0x080006f4   0x000000a4   Code   RO         1091    i.LL_ADC_Init       stm32f1xx_ll_adc.o
    0x08000798   0x08000798   0x0000000a   Code   RO         1092    i.LL_ADC_IsEnabled  stm32f1xx_ll_adc.o
    0x080007a2   0x080007a2   0x00000002   PAD
    0x080007a4   0x080007a4   0x0000001c   Code   RO          495    i.LL_APB1_GRP1_EnableClock  mytimer.o
    0x080007c0   0x080007c0   0x0000001c   Code   RO          496    i.LL_APB2_GRP1_EnableClock  mytimer.o
    0x080007dc   0x080007dc   0x000001f8   Code   RO          965    i.LL_GPIO_Init      stm32f1xx_ll_gpio.o
    0x080009d4   0x080009d4   0x0000002c   Code   RO          244    i.LL_GPIO_SetPinMode  moteur.o
    0x08000a00   0x08000a00   0x0000002c   Code   RO          340    i.LL_GPIO_SetPinMode  accelero.o
    0x08000a2c   0x08000a2c   0x0000002c   Code   RO          245    i.LL_GPIO_SetPinOutputType  moteur.o
    0x08000a58   0x08000a58   0x0000001c   Code   RO          706    i.LL_Init1msTick    stm32f1xx_ll_utils.o
    0x08000a74   0x08000a74   0x00000024   Code   RO          625    i.LL_RCC_GetSystemClocksFreq  stm32f1xx_ll_rcc.o
    0x08000a98   0x08000a98   0x0000000c   Code   RO          713    i.LL_SetSystemCoreClock  stm32f1xx_ll_utils.o
    0x08000aa4   0x08000aa4   0x00000008   Code   RO          497    i.LL_TIM_ClearFlag_UPDATE  mytimer.o
    0x08000aac   0x08000aac   0x0000000a   Code   RO          499    i.LL_TIM_EnableCounter  mytimer.o
    0x08000ab6   0x08000ab6   0x0000005c   Code   RO          819    i.LL_TIM_OC_Init    stm32f1xx_ll_tim.o
    0x08000b12   0x08000b12   0x00000004   Code   RO          820    i.LL_TIM_OC_SetCompareCH2  stm32f1xx_ll_tim.o
    0x08000b16   0x08000b16   0x00000004   Code   RO          500    i.LL_TIM_SetAutoReload  mytimer.o
    0x08000b1a   0x08000b1a   0x00000002   PAD
    0x08000b1c   0x08000b1c   0x000001b0   Code   RO         1019    i.LL_USART_Init     stm32f1xx_ll_usart.o
    0x08000ccc   0x08000ccc   0x0000000a   Code   RO         1020    i.LL_USART_IsEnabled  stm32f1xx_ll_usart.o
    0x08000cd6   0x08000cd6   0x0000009e   Code   RO          293    i.LL_USART_SetBaudRate  emetteur.o
    0x08000d74   0x08000d74   0x0000009e   Code   RO         1021    i.LL_USART_SetBaudRate  stm32f1xx_ll_usart.o
    0x08000e12   0x08000e12   0x00000018   Code   RO         1022    i.LL_USART_StructInit  stm32f1xx_ll_usart.o
    0x08000e2a   0x08000e2a   0x00000002   PAD
    0x08000e2c   0x08000e2c   0x00000080   Code   RO          501    i.MyTimer_Conf_PWM  mytimer.o
    0x08000eac   0x08000eac   0x00000194   Code   RO          823    i.OC1Config         stm32f1xx_ll_tim.o
    0x08001040   0x08001040   0x00000194   Code   RO          824    i.OC2Config         stm32f1xx_ll_tim.o
    0x080011d4   0x080011d4   0x00000194   Code   RO          825    i.OC3Config         stm32f1xx_ll_tim.o
    0x08001368   0x08001368   0x00000174   Code   RO          826    i.OC4Config         stm32f1xx_ll_tim.o
    0x080014dc   0x080014dc   0x00000020   Code   RO          628    i.RCC_GetHCLKClockFreq  stm32f1xx_ll_rcc.o
    0x080014fc   0x080014fc   0x00000024   Code   RO          629    i.RCC_GetPCLK1ClockFreq  stm32f1xx_ll_rcc.o
    0x08001520   0x08001520   0x00000024   Code   RO          630    i.RCC_GetPCLK2ClockFreq  stm32f1xx_ll_rcc.o
    0x08001544   0x08001544   0x0000003c   Code   RO          631    i.RCC_GetSystemClockFreq  stm32f1xx_ll_rcc.o
    0x08001580   0x08001580   0x00000058   Code   RO          632    i.RCC_PLL_GetFreqDomain_SYS  stm32f1xx_ll_rcc.o
    0x080015d8   0x080015d8   0x000000e0   Code   RO            4    i.SystemClock_Config  main.o
    0x080016b8   0x080016b8   0x00000058   Code   RO         1172    i.SystemInit        system_stm32f1xx.o
    0x08001710   0x08001710   0x00000018   Code   RO          508    i.TIM1_UP_IRQHandler  mytimer.o
    0x08001728   0x08001728   0x00000018   Code   RO          509    i.TIM2_IRQHandler   mytimer.o
    0x08001740   0x08001740   0x00000018   Code   RO          510    i.TIM3_IRQHandler   mytimer.o
    0x08001758   0x08001758   0x00000018   Code   RO          511    i.TIM4_IRQHandler   mytimer.o
    0x08001770   0x08001770   0x0000000e   Code   RO         1264    i.__scatterload_copy  mc_w.l(handlers.o)
    0x0800177e   0x0800177e   0x00000002   Code   RO         1265    i.__scatterload_null  mc_w.l(handlers.o)
    0x08001780   0x08001780   0x0000000e   Code   RO         1266    i.__scatterload_zeroinit  mc_w.l(handlers.o)
    0x0800178e   0x0800178e   0x00000002   PAD
    0x08001790   0x08001790   0x0000005c   Code   RO          341    i.angleSafe         accelero.o
    0x080017ec   0x080017ec   0x00000010   Code   RO          418    i.angle_girouette   girouette.o
    0x080017fc   0x080017fc   0x00000004   Code   RO            5    i.assert_failed     main.o
    0x08001800   0x08001800   0x00000054   Code   RO          387    i.batterie_OK       batterie.o
    0x08001854   0x08001854   0x000000d4   Code   RO          460    i.bordageVoiles     servomoteur.o
    0x08001928   0x08001928   0x00000048   Code   RO          246    i.config_gpio_moteur  moteur.o
    0x08001970   0x08001970   0x0000004c   Code   RO          180    i.config_gpio_telecommande  telecommande.o
    0x080019bc   0x080019bc   0x000000a4   Code   RO          294    i.config_uart       emetteur.o
    0x08001a60   0x08001a60   0x00000044   Code   RO          181    i.get_angle_telecommande  telecommande.o
    0x08001aa4   0x08001aa4   0x00000006   Code   RO          182    i.get_period_telecommande  telecommande.o
    0x08001aaa   0x08001aaa   0x00000010   Code   RO          183    i.get_sens_telecommande  telecommande.o
    0x08001aba   0x08001aba   0x00000002   PAD
    0x08001abc   0x08001abc   0x00000038   Code   RO          184    i.get_vitesse_telecommande  telecommande.o
    0x08001af4   0x08001af4   0x0000005c   Code   RO          342    i.init_accelero     accelero.o
    0x08001b50   0x08001b50   0x000000b0   Code   RO          461    i.init_servom       servomoteur.o
    0x08001c00   0x08001c00   0x00000058   Code   RO          388    i.init_surv_batterie  batterie.o
    0x08001c58   0x08001c58   0x000000e0   Code   RO          185    i.init_timer_pwm_input  telecommande.o
    0x08001d38   0x08001d38   0x000000ec   Code   RO            6    i.main              main.o
    0x08001e24   0x08001e24   0x00000030   Code   RO          295    i.send_char         emetteur.o
    0x08001e54   0x08001e54   0x0000001c   Code   RO          296    i.send_msg          emetteur.o
    0x08001e70   0x08001e70   0x00000028   Code   RO          247    i.set_sens_moteur   moteur.o
    0x08001e98   0x08001e98   0x00000050   Code   RO          248    i.set_vitesse_moteur  moteur.o
    0x08001ee8   0x08001ee8   0x00000018   Data   RO         1173    .constdata          system_stm32f1xx.o
    0x08001f00   0x08001f00   0x00000020   Data   RO         1262    Region$$Table       anon$$obj.o


    Execution Region RW_IRAM1 (Exec base: 0x20000000, Load base: 0x08001f20, Size: 0x00000428, Max: 0x00005000, ABSOLUTE)

    Exec Addr    Load Addr    Size         Type   Attr      Idx    E Section Name        Object

    0x20000000   0x08001f20   0x00000010   Data   RW            8    .data               main.o
    0x20000010   0x08001f30   0x00000010   Data   RW          513    .data               mytimer.o
    0x20000020   0x08001f40   0x00000004   Data   RW         1174    .data               system_stm32f1xx.o
    0x20000024   0x08001f44   0x00000004   PAD
    0x20000028        -       0x00000400   Zero   RW         1205    STACK               startup_stm32f103xb.o


==============================================================================

Image component sizes


      Code (inc. data)   RO Data    RW Data    ZI Data      Debug   Object Name

       228         20          0          0          0      48596   accelero.o
       172         16          0          0          0       1275   batterie.o
       398         30          0          0          0      14185   emetteur.o
        16          6          0          0          0      24538   girouette.o
       464         70          0         16          0     364664   main.o
       280         22          0          0          0      10612   moteur.o
       302         48          0         16          0      32464   mytimer.o
       388         36          0          0          0      25546   servomoteur.o
        36          8        236          0       1024        776   startup_stm32f103xb.o
       174         44          0          0          0      37046   stm32f1xx_ll_adc.o
       504         62          0          0          0      10403   stm32f1xx_ll_gpio.o
       288         48          0          0          0      13157   stm32f1xx_ll_rcc.o
      1680        196          0          0          0      32701   stm32f1xx_ll_tim.o
       624         56          0          0          0      16422   stm32f1xx_ll_usart.o
        40          6          0          0          0       2093   stm32f1xx_ll_utils.o
        88         18         24          4          0       1159   system_stm32f1xx.o
       446         54          0          0          0      12056   telecommande.o

    ----------------------------------------------------------------------
      6136        740        292         36       1028     647693   Object Totals
         0          0         32          0          0          0   (incl. Generated)
         8          0          0          0          4          0   (incl. Padding)

    ----------------------------------------------------------------------

      Code (inc. data)   RO Data    RW Data    ZI Data      Debug   Library Member Name

         0          0          0          0          0          0   entry.o
         0          0          0          0          0          0   entry10a.o
         0          0          0          0          0          0   entry11a.o
         8          4          0          0          0          0   entry2.o
         4          0          0          0          0          0   entry5.o
         0          0          0          0          0          0   entry7b.o
         0          0          0          0          0          0   entry8b.o
         8          4          0          0          0          0   entry9a.o
        30          0          0          0          0          0   handlers.o
        36          8          0          0          0         68   init.o
         0          0          0          0          0          0   iusefp.o
        30          0          0          0          0         68   llshl.o
        36          0          0          0          0         68   llsshr.o
        32          0          0          0          0         68   llushr.o
        14          0          0          0          0         68   strlen.o
        56          0          0          0          0         88   d2f.o
       334          0          0          0          0        148   dadd.o
       222          0          0          0          0        100   ddiv.o
       186          0          0          0          0        176   depilogue.o
        62          0          0          0          0         80   dfixi.o
        34          0          0          0          0         76   dflti.o
       228          0          0          0          0         96   dmul.o
        38          0          0          0          0         68   f2d.o
       110          0          0          0          0        168   fepilogue.o
        50          0          0          0          0         68   ffixi.o
        18          0          0          0          0         68   fflti.o

    ----------------------------------------------------------------------
      1540         16          0          0          0       1476   Library Totals
         4          0          0          0          0          0   (incl. Padding)

    ----------------------------------------------------------------------

      Code (inc. data)   RO Data    RW Data    ZI Data      Debug   Library Name

       198         16          0          0          0        340   mc_w.l
      1338          0          0          0          0       1136   mf_w.l

    ----------------------------------------------------------------------
      1540         16          0          0          0       1476   Library Totals

    ----------------------------------------------------------------------

==============================================================================


      Code (inc. data)   RO Data    RW Data    ZI Data      Debug   

      7676        756        292         36       1028     645785   Grand Totals
      7676        756        292         36       1028     645785   ELF Image Totals
      7676        756        292         36          0          0   ROM Totals

==============================================================================

    Total RO  Size (Code + RO Data)                 7968 (   7.78kB)
    Total RW  Size (RW Data + ZI Data)              1064 (   1.04kB)
    Total ROM Size (Code + RO Data + RW Data)       8004 (   7.82kB)

==============================================================================

